{
  "notices": [
    {
      "inputArchive": "angleproject.tar",
      "file": "src/third_party/volk/LICENSE.md",
      "sha256": "336f505f8d5aa73ea40b4d798dde86953e9c1f6525757f1d7f18120fea09bb1d",
      "textPresentInResourcesIgnoringWhitespace": false,
      "textExcerpt": "Copyright (c) 2018-2019 Arseny Kapoulkine\n\nPermission is hereby granted, free of charge, to any person obtaining a copy\nof this software and associated documentation files (the \"Software\"), to deal\nin the Software without restriction, including without limitation the rights\nto use, copy, modify, merge, publish, distribute, sublicense, and/or sell\ncopies of the Software, and to permit persons to whom the Software is\nfurnished to do so, subject to the following conditions:\n\nThe above copyright notice and this permission notice shall be included in all\ncopies or substantial portions of the Software.\n\nTHE SOFTWARE IS PROVIDED \"AS IS\", WITHOUT WARRANTY OF ANY KIND, EXPRESS OR\nIMPLIED, INCLUDING BUT NOT LIMITED TO THE WARRANTIES OF MERCHANTABILITY,\nFITNESS FOR A PARTICULAR PURPOSE AND NONINFRINGEMENT. IN NO EVENT SHALL THE\nAUTHORS OR COPYRIGHT HOLDERS BE LIABLE FOR ANY CLAIM, DAMAGES OR OTHER\nLIABILITY, WHETHER IN AN ACTION OF CONTRACT, TORT OR OTHERWISE, ARISING FROM,\nOUT OF OR IN CONNECTION WITH THE SOFTWARE OR THE USE OR OTHER DEALINGS IN THE\nSOFTWARE.\n"
    },
    {
      "inputArchive": "angleproject.tar",
      "file": "src/common/third_party/xxhash/LICENSE",
      "sha256": "86ec6953794503942b70fcd4f35b565d44f63f703b7037ce44dad965c4aaae91",
      "textPresentInResourcesIgnoringWhitespace": false,
      "textExcerpt": "xxHash Library\nCopyright (c) 2012-2014, Yann Collet\nAll rights reserved.\n\nRedistribution and use in source and binary forms, with or without modification,\nare permitted provided that the following conditions are met:\n\n* Redistributions of source code must retain the above copyright notice, this\n  list of conditions and the following disclaimer.\n\n* Redistributions in binary form must reproduce the above copyright notice, this\n  list of conditions and the following disclaimer in the documentation and/or\n  other materials provided with the distribution.\n\nTHIS SOFTWARE IS PROVIDED BY THE COPYRIGHT HOLDERS AND CONTRIBUTORS \"AS IS\" AND\nANY EXPRESS OR IMPLIED WARRANTIES, INCLUDING, BUT NOT LIMITED TO, THE IMPLIED\nWARRANTIES OF MERCHANTABILITY AND FITNESS FOR A PARTICULAR PURPOSE ARE\nDISCLAIMED. IN NO EVENT SHALL THE COPYRIGHT HOLDER OR CONTRIBUTORS BE LIABLE FOR\nANY DIRECT, INDIRECT, INCIDENTAL, SPECIAL, EXEMPLARY, OR CONSEQUENTIAL DAMAGES\n(INCLUDING, BUT NOT LIMITED TO, PROCUREMENT OF SUBSTITUTE GOODS OR SERVICES;\nLOSS OF USE, DATA, OR PROFITS; OR BUSINESS INTERRUPTION) HOWEVER CAUSED AND ON\nANY THEORY OF LIABILITY, WHETHER IN CONTRACT, STRICT LIABILITY, OR TORT\n(INCLUDING NEGLIGENCE OR OTHERWISE) ARISING IN ANY WAY OUT OF THE USE OF THIS\nSOFTWARE, EVEN IF ADVISED OF THE POSSIBILITY OF SUCH DAMAGE.\n"
    },
    {
      "inputArchive": "angleproject.tar",
      "file": "src/libANGLE/overlay/LICENSE.txt",
      "sha256": "cfc7749b96f63bd31c3c42b5c471bf756814053e847c10f3eb003417bc523d30",
      "textPresentInResourcesIgnoringWhitespace": true,
      "textExcerpt": "\n                                 Apache License\n                           Version 2.0, January 2004\n                        http://www.apache.org/licenses/\n\n   TERMS AND CONDITIONS FOR USE, REPRODUCTION, AND DISTRIBUTION\n\n   1. Definitions.\n\n      \"License\" shall mean the terms and conditions for use, reproduction,\n      and distribution as defined by Sections 1 through 9 of this document.\n\n      \"Licensor\" shall mean the copyright owner or entity authorized by\n      the copyright owner that is granting the License.\n\n      \"Legal Entity\" shall mean the union of the acting entity and all\n      other entities that control, are controlled by, or are under common\n      control with that entity. For the purposes of this definition,\n      \"control\" means (i) the power, direct or indirect, to cause the\n      direction or management of such entity, whether by contract or\n      otherwise, or (ii) ownership of fifty percent (50%) or more of the\n      outstanding shares, or (iii) beneficial ownership of such entity.\n\n      \"You\" (or \"Your\") shall mean an individual or Legal Entity\n      exercising permissions granted by this License.\n\n      \"Source\" form shall mean the preferred form for making modifications,\n      including but not limited to software source code, documentation\n      source, and configuration files.\n\n      \"Object\" form shall mean any form resulting from mechanical\n      transformation or translation of a Source form, including but\n      not limited to compiled object code, generated documentation,\n      and conversions to other media types.\n\n      \"Work\" shall mean the work of authorship, whether in Source or\n      Object form, made available under the License, as indicated by a\n      copyright notice that is included in or attached to the work\n      (an examp"
    },
    {
      "inputArchive": "bare-clones_vulkan_memory_allocator.tar",
      "file": "LICENSE.txt",
      "sha256": "cdb520614db3ec62e667ece01e64e6afa21948fa51e85e748b1494597a7be907",
      "textPresentInResourcesIgnoringWhitespace": false,
      "textExcerpt": "Copyright (c) 2017-2022 Advanced Micro Devices, Inc. All rights reserved.\n\nPermission is hereby granted, free of charge, to any person obtaining a copy\nof this software and associated documentation files (the \"Software\"), to deal\nin the Software without restriction, including without limitation the rights\nto use, copy, modify, merge, publish, distribute, sublicense, and/or sell\ncopies of the Software, and to permit persons to whom the Software is\nfurnished to do so, subject to the following conditions:\n\nThe above copyright notice and this permission notice shall be included in\nall copies or substantial portions of the Software.\n\nTHE SOFTWARE IS PROVIDED \"AS IS\", WITHOUT WARRANTY OF ANY KIND, EXPRESS OR\nIMPLIED, INCLUDING BUT NOT LIMITED TO THE WARRANTIES OF MERCHANTABILITY,\nFITNESS FOR A PARTICULAR PURPOSE AND NONINFRINGEMENT.  IN NO EVENT SHALL THE\nAUTHORS OR COPYRIGHT HOLDERS BE LIABLE FOR ANY CLAIM, DAMAGES OR OTHER\nLIABILITY, WHETHER IN AN ACTION OF CONTRACT, TORT OR OTHERWISE, ARISING FROM,\nOUT OF OR IN CONNECTION WITH THE SOFTWARE OR THE USE OR OTHER DEALINGS IN\nTHE SOFTWARE.\n"
    },
    {
      "inputArchive": "bare-clones_spirv-headers.tar",
      "file": "LICENSE",
      "sha256": "ea43b1de38a6f90c488800d66dec1ed671e68cda530266bc96951fb5b6307613",
      "textPresentInResourcesIgnoringWhitespace": false,
      "textExcerpt": "Files: All files except for those called out below.\nCopyright (c) 2015-2024 The Khronos Group Inc.\n\nPermission is hereby granted, free of charge, to any person obtaining a\ncopy of this software and/or associated documentation files (the\n\"Materials\"), to deal in the Materials without restriction, including\nwithout limitation the rights to use, copy, modify, merge, publish,\ndistribute, sublicense, and/or sell copies of the Materials, and to\npermit persons to whom the Materials are furnished to do so, subject to\nthe following conditions:\n\nThe above copyright notice and this permission notice shall be included\nin all copies or substantial portions of the Materials.\n\nMODIFICATIONS TO THIS FILE MAY MEAN IT NO LONGER ACCURATELY REFLECTS\nKHRONOS STANDARDS. THE UNMODIFIED, NORMATIVE VERSIONS OF KHRONOS\nSPECIFICATIONS AND HEADER INFORMATION ARE LOCATED AT\n   https://www.khronos.org/registry/\n\nTHE MATERIALS ARE PROVIDED \"AS IS\", WITHOUT WARRANTY OF ANY KIND,\nEXPRESS OR IMPLIED, INCLUDING BUT NOT LIMITED TO THE WARRANTIES OF\nMERCHANTABILITY, FITNESS FOR A PARTICULAR PURPOSE AND NONINFRINGEMENT.\nIN NO EVENT SHALL THE AUTHORS OR COPYRIGHT HOLDERS BE LIABLE FOR ANY\nCLAIM, DAMAGES OR OTHER LIABILITY, WHETHER IN AN ACTION OF CONTRACT,\nTORT OR OTHERWISE, ARISING FROM, OUT OF OR IN CONNECTION WITH THE\nMATERIALS OR THE USE OR OTHER DEALINGS IN THE MATERIALS.\n\n---\n\nFiles: include/spirv/spir-v.xml\nCopyright (c) 2015-2024 The Khronos Group Inc.\n\nPermission is hereby granted, free of charge, to any person obtaining a\ncopy of this software and/or associated documentation files (the\n\"Materials\"), to deal in the Materials without restriction, including\nwithout limitation the rights to use, copy, modify, merge, publish,\ndistribute, sublicense, and/or sell copies of the Materials, and to\npermit per"
    },
    {
      "inputArchive": "bare-clones_spirv-tools.tar",
      "file": "LICENSE",
      "sha256": "cfc7749b96f63bd31c3c42b5c471bf756814053e847c10f3eb003417bc523d30",
      "textPresentInResourcesIgnoringWhitespace": true,
      "textExcerpt": "\n                                 Apache License\n                           Version 2.0, January 2004\n                        http://www.apache.org/licenses/\n\n   TERMS AND CONDITIONS FOR USE, REPRODUCTION, AND DISTRIBUTION\n\n   1. Definitions.\n\n      \"License\" shall mean the terms and conditions for use, reproduction,\n      and distribution as defined by Sections 1 through 9 of this document.\n\n      \"Licensor\" shall mean the copyright owner or entity authorized by\n      the copyright owner that is granting the License.\n\n      \"Legal Entity\" shall mean the union of the acting entity and all\n      other entities that control, are controlled by, or are under common\n      control with that entity. For the purposes of this definition,\n      \"control\" means (i) the power, direct or indirect, to cause the\n      direction or management of such entity, whether by contract or\n      otherwise, or (ii) ownership of fifty percent (50%) or more of the\n      outstanding shares, or (iii) beneficial ownership of such entity.\n\n      \"You\" (or \"Your\") shall mean an individual or Legal Entity\n      exercising permissions granted by this License.\n\n      \"Source\" form shall mean the preferred form for making modifications,\n      including but not limited to software source code, documentation\n      source, and configuration files.\n\n      \"Object\" form shall mean any form resulting from mechanical\n      transformation or translation of a Source form, including but\n      not limited to compiled object code, generated documentation,\n      and conversions to other media types.\n\n      \"Work\" shall mean the work of authorship, whether in Source or\n      Object form, made available under the License, as indicated by a\n      copyright notice that is included in or attached to the work\n      (an examp"
    },
    {
      "inputArchive": "bare-clones_vulkan-loader.tar",
      "file": "LICENSE.txt",
      "sha256": "43c0a37e6a0fa7ff3c843b3ec5a4fac84b712558ddac103fbd4c1649662a9ece",
      "textPresentInResourcesIgnoringWhitespace": false,
      "textExcerpt": "The majority of files in this project use the Apache 2.0 License.\nThere are a few exceptions and their license can be found in the source.\nAny license deviations from Apache 2.0 are \"more permissive\" licenses.\n\n===========================================================================================\n\n                                 Apache License\n                           Version 2.0, January 2004\n                        http://www.apache.org/licenses/\n\n   TERMS AND CONDITIONS FOR USE, REPRODUCTION, AND DISTRIBUTION\n\n   1. Definitions.\n\n      \"License\" shall mean the terms and conditions for use, reproduction,\n      and distribution as defined by Sections 1 through 9 of this document.\n\n      \"Licensor\" shall mean the copyright owner or entity authorized by\n      the copyright owner that is granting the License.\n\n      \"Legal Entity\" shall mean the union of the acting entity and all\n      other entities that control, are controlled by, or are under common\n      control with that entity. For the purposes of this definition,\n      \"control\" means (i) the power, direct or indirect, to cause the\n      direction or management of such entity, whether by contract or\n      otherwise, or (ii) ownership of fifty percent (50%) or more of the\n      outstanding shares, or (iii) beneficial ownership of such entity.\n\n      \"You\" (or \"Your\") shall mean an individual or Legal Entity\n      exercising permissions granted by this License.\n\n      \"Source\" form shall mean the preferred form for making modifications,\n      including but not limited to software source code, documentation\n      source, and configuration files.\n\n      \"Object\" form shall mean any form resulting from mechanical\n      transformation or translation of a Source form, including but\n      not limited to compiled ob"
    }
  ],
  "binaries": [
    {
      "file": "src-tauri/resources/runtime/qemu/libGLESv2.dll",
      "sha256": "710e246f405a6f63005c0d91f385a1b7e62fb1cfc566fd0fbde01b7319a0d6a4",
      "matchedStrings": [
        "outputVmaStatString",
        "useVmaForImageSuballocation"
      ],
      "matchCount": 2
    },
    {
      "file": "src-tauri/resources/runtime/qemu-secure/libGLESv2.dll",
      "sha256": "710e246f405a6f63005c0d91f385a1b7e62fb1cfc566fd0fbde01b7319a0d6a4",
      "matchedStrings": [
        "outputVmaStatString",
        "useVmaForImageSuballocation"
      ],
      "matchCount": 2
    }
  ],
  "attributionSearch": {
    "VulkanMemoryAllocator": [],
    "Advanced Micro Devices": [],
    "2017-2025 Advanced": [],
    "Arseny Kapoulkine": [],
    "Khronos Group Inc.": [
      "src-tauri/resources/RUNTIME_LICENSES.txt",
      "src-tauri/resources/runtime/qemu/licenses/libepoxy/COPYING",
      "src-tauri/resources/runtime/qemu-secure/licenses/libepoxy/COPYING"
    ]
  }
}
