
> yougori@1.0.0 release:distribution
> npm run release:check && node scripts/compliance-check.mjs --distribution


> yougori@1.0.0 release:check
> npm run branding:check && node scripts/release-preflight.mjs


> yougori@1.0.0 branding:check
> node --test scripts/installer-branding.test.mjs

✔ installer artwork is built from the current Yougori logo and generator (1.271ms)
✔ welcome artwork contains the rendered logo, not an empty image placeholder (4.4259ms)
✔ WiX native text areas stay white and unobstructed (3.692ms)
✔ nsis-header.bmp has the native format, dimensions and verified artwork (0.4567ms)
✔ nsis-sidebar.bmp has the native format, dimensions and verified artwork (0.4086ms)
✔ wix-banner.bmp has the native format, dimensions and verified artwork (0.3117ms)
✔ wix-dialog.bmp has the native format, dimensions and verified artwork (0.3509ms)
✔ dmg-background.png has the native format, dimensions and verified artwork (0.1798ms)
✔ all desktop packages retain the logo, identity and license (0.5124ms)
✔ Windows setup and uninstall use branded art without custom install logic (0.2592ms)
✔ macOS install icons align with the background and stay inside the window (0.2242ms)
ℹ tests 11
ℹ suites 0
ℹ pass 11
ℹ fail 0
ℹ cancelled 0
ℹ skipped 0
ℹ todo 0
ℹ duration_ms 64.759
Release payload verified: 270 files, 297.6 MB; win32 x64. See docs/release-readiness.md, docs/linux.md and docs/macos.md for required real-machine checks.
Source downloads have not been published and verified for this release
