vite v7.3.6 building client environment for production...
transforming...
✓ 2448 modules transformed.
rendering chunks...
[plugin vite:reporter] 
(!) C:/Users/Argon/Desktop/yougori/node_modules/@tauri-apps/api/core.js is dynamically imported by C:/Users/Argon/Desktop/yougori/src/api/platform-api.ts, C:/Users/Argon/Desktop/yougori/src/lib/guest-keyboard.ts but also statically imported by C:/Users/Argon/Desktop/yougori/node_modules/@tauri-apps/api/dpi.js, C:/Users/Argon/Desktop/yougori/node_modules/@tauri-apps/api/event.js, C:/Users/Argon/Desktop/yougori/node_modules/@tauri-apps/api/image.js, C:/Users/Argon/Desktop/yougori/node_modules/@tauri-apps/api/webview.js, C:/Users/Argon/Desktop/yougori/node_modules/@tauri-apps/api/window.js, C:/Users/Argon/Desktop/yougori/node_modules/@tauri-apps/plugin-clipboard-manager/dist-js/index.js, C:/Users/Argon/Desktop/yougori/node_modules/@tauri-apps/plugin-dialog/dist-js/index.js, C:/Users/Argon/Desktop/yougori/src/api/file-import-api.ts, C:/Users/Argon/Desktop/yougori/src/components/shared/window-controls.tsx, dynamic import will not move module into another chunk.

[plugin vite:reporter] 
(!) C:/Users/Argon/Desktop/yougori/node_modules/@tauri-apps/api/event.js is dynamically imported by C:/Users/Argon/Desktop/yougori/src/components/use-workspace-features.ts, C:/Users/Argon/Desktop/yougori/src/context/platform-context.tsx, C:/Users/Argon/Desktop/yougori/src/context/platform-context.tsx, C:/Users/Argon/Desktop/yougori/src/lib/instructions-tour.ts, C:/Users/Argon/Desktop/yougori/src/lib/instructions-tour.ts but also statically imported by C:/Users/Argon/Desktop/yougori/node_modules/@tauri-apps/api/webview.js, C:/Users/Argon/Desktop/yougori/node_modules/@tauri-apps/api/window.js, dynamic import will not move module into another chunk.

computing gzip size...
build/compliance/audit-2026-09-14/frontend/index.html                                       3.15 kB │ gzip:  1.32 kB
build/compliance/audit-2026-09-14/frontend/assets/logo-BYjPUUao.svg                       127.86 kB │ gzip: 41.14 kB
build/compliance/audit-2026-09-14/frontend/assets/overview-page-Df-9n6M_.css                1.02 kB │ gzip:  0.42 kB
build/compliance/audit-2026-09-14/frontend/assets/xterm-xj0gfbX3.css                        2.50 kB │ gzip:  0.76 kB
build/compliance/audit-2026-09-14/frontend/assets/instructions-tour-BcNFOdIF.css            2.64 kB │ gzip:  0.94 kB
build/compliance/audit-2026-09-14/frontend/assets/textarea-C-Gsoz_1.css                     2.80 kB │ gzip:  0.89 kB
build/compliance/audit-2026-09-14/frontend/assets/add-service-port-dialog-CFgiC5gp.css      5.06 kB │ gzip:  1.33 kB
build/compliance/audit-2026-09-14/frontend/assets/connection-dialog-DKcQ6uPK.css            6.96 kB │ gzip:  1.67 kB
build/compliance/audit-2026-09-14/frontend/assets/host-terminal-dock-BBY-lyUk.css           7.85 kB │ gzip:  1.97 kB
build/compliance/audit-2026-09-14/frontend/assets/environment-detail-sheet-DoDD4E4F.css     8.37 kB │ gzip:  1.83 kB
build/compliance/audit-2026-09-14/frontend/assets/create-environment-dialog-bBBJgGFJ.css   10.41 kB │ gzip:  2.30 kB
build/compliance/audit-2026-09-14/frontend/assets/graph-runtime-BnuhLJ6X.css               15.87 kB │ gzip:  2.67 kB
build/compliance/audit-2026-09-14/frontend/assets/bootstrap-B-ulNtFL.css                  152.88 kB │ gzip: 22.70 kB
build/compliance/audit-2026-09-14/frontend/assets/_commonjsHelpers-CqkleIqs.js              0.12 kB │ gzip:  0.13 kB
build/compliance/audit-2026-09-14/frontend/assets/check-Co1Hl5xE.js                         0.12 kB │ gzip:  0.14 kB
build/compliance/audit-2026-09-14/frontend/assets/ToolbarRootContext-Bir8ZhNd.js            0.13 kB │ gzip:  0.13 kB
build/compliance/audit-2026-09-14/frontend/assets/chevron-down-D1nC1xrn.js                  0.13 kB │ gzip:  0.14 kB
build/compliance/audit-2026-09-14/frontend/assets/plus-CjOELHY1.js                          0.16 kB │ gzip:  0.15 kB
build/compliance/audit-2026-09-14/frontend/assets/terminal-DgB8vlxr.js                      0.17 kB │ gzip:  0.16 kB
build/compliance/audit-2026-09-14/frontend/assets/arrow-right-ZciYpxW0.js                   0.17 kB │ gzip:  0.16 kB
build/compliance/audit-2026-09-14/frontend/assets/arrow-up-right-CjHvuzy1.js                0.17 kB │ gzip:  0.16 kB
build/compliance/audit-2026-09-14/frontend/assets/index-xhYDCaGF.js                         0.31 kB │ gzip:  0.25 kB
build/compliance/audit-2026-09-14/frontend/assets/box-CO0zzrOj.js                           0.32 kB │ gzip:  0.23 kB
build/compliance/audit-2026-09-14/frontend/assets/index-muY4I_Pc.js                         0.39 kB │ gzip:  0.27 kB
build/compliance/audit-2026-09-14/frontend/assets/hard-drive-DFfOHVYA.js                    0.40 kB │ gzip:  0.27 kB
build/compliance/audit-2026-09-14/frontend/assets/environment-connections-CB_WITDW.js       0.40 kB │ gzip:  0.23 kB
build/compliance/audit-2026-09-14/frontend/assets/waypoints-BhUp8omr.js                     0.42 kB │ gzip:  0.26 kB
build/compliance/audit-2026-09-14/frontend/assets/link-2-BzaSv_5L.js                        0.45 kB │ gzip:  0.30 kB
build/compliance/audit-2026-09-14/frontend/assets/monitor-Bd-AqB1x.js                       0.57 kB │ gzip:  0.34 kB
build/compliance/audit-2026-09-14/frontend/assets/environment-actions-DcbFersx.js           0.58 kB │ gzip:  0.38 kB
build/compliance/audit-2026-09-14/frontend/assets/tour-preview-DtfXmFBp.js                  0.67 kB │ gzip:  0.47 kB
build/compliance/audit-2026-09-14/frontend/assets/cloud-api-B6L1qVk9.js                     0.83 kB │ gzip:  0.51 kB
build/compliance/audit-2026-09-14/frontend/assets/snapshot-dialog-Dh7Axoob.js               1.59 kB │ gzip:  0.88 kB
build/compliance/audit-2026-09-14/frontend/assets/form-D7Gm1o7f.js                          1.65 kB │ gzip:  0.93 kB
build/compliance/audit-2026-09-14/frontend/assets/with-selector-C0vSE0Z4.js                 1.89 kB │ gzip:  0.89 kB
build/compliance/audit-2026-09-14/frontend/assets/index-D9VUl1rx.js                         1.94 kB │ gzip:  1.04 kB
build/compliance/audit-2026-09-14/frontend/assets/workspace-api-DPFVeyqL.js                 2.10 kB │ gzip:  0.94 kB
build/compliance/audit-2026-09-14/frontend/assets/resolveAriaLabelledBy-C8A3okY4.js         2.14 kB │ gzip:  0.94 kB
build/compliance/audit-2026-09-14/frontend/assets/file-import-api-56WQ6HZd.js               2.19 kB │ gzip:  1.06 kB
build/compliance/audit-2026-09-14/frontend/assets/webview-D_I8h7rS.js                       3.42 kB │ gzip:  1.21 kB
build/compliance/audit-2026-09-14/frontend/assets/input-CXH2jkMg.js                         3.63 kB │ gzip:  1.66 kB
build/compliance/audit-2026-09-14/frontend/assets/cloud-environment-dialog-D9h_bI6w.js      4.95 kB │ gzip:  2.06 kB
build/compliance/audit-2026-09-14/frontend/assets/add-service-port-dialog-BZC7DCAm.js       5.56 kB │ gzip:  2.28 kB
build/compliance/audit-2026-09-14/frontend/assets/radio-group-D7s8UlA8.js                   6.46 kB │ gzip:  2.86 kB
build/compliance/audit-2026-09-14/frontend/assets/textarea-CXL_1evb.js                      7.18 kB │ gzip:  2.70 kB
build/compliance/audit-2026-09-14/frontend/assets/useAnchoredPopupScrollLock-reQ2Ymhd.js    8.52 kB │ gzip:  3.61 kB
build/compliance/audit-2026-09-14/frontend/assets/CompositeRoot-DuFtpyrQ.js                 8.73 kB │ gzip:  3.85 kB
build/compliance/audit-2026-09-14/frontend/assets/oci-images-D-6DxU3G.js                    9.48 kB │ gzip:  2.25 kB
build/compliance/audit-2026-09-14/frontend/assets/field-DPPYCM6H.js                         9.81 kB │ gzip:  4.01 kB
build/compliance/audit-2026-09-14/frontend/assets/getCssDimensions-U4578hjh.js             12.93 kB │ gzip:  4.65 kB
build/compliance/audit-2026-09-14/frontend/assets/connection-dialog-DfdaOwRu.js            13.94 kB │ gzip:  5.22 kB
build/compliance/audit-2026-09-14/frontend/assets/host-terminal-dock-BS1yi36Y.js           15.77 kB │ gzip:  5.78 kB
build/compliance/audit-2026-09-14/frontend/assets/tour-website-C1iwBHqZ.js                 16.71 kB │ gzip:  6.21 kB
build/compliance/audit-2026-09-14/frontend/assets/tooltip-BbGEEbBL.js                      20.05 kB │ gzip:  7.35 kB
build/compliance/audit-2026-09-14/frontend/assets/select-CeOlcpSb.js                       28.04 kB │ gzip: 10.48 kB
build/compliance/audit-2026-09-14/frontend/assets/guest-workspace-CMhccvkD.js              28.81 kB │ gzip:  9.27 kB
build/compliance/audit-2026-09-14/frontend/assets/instructions-tour-D6kAY3Tl.js            29.41 kB │ gzip: 10.52 kB
build/compliance/audit-2026-09-14/frontend/assets/guest-desktop-QHWWqwaJ.js                41.63 kB │ gzip: 15.31 kB
build/compliance/audit-2026-09-14/frontend/assets/guest-app-launcher-D2R-ZIvx.js           42.11 kB │ gzip: 14.51 kB
build/compliance/audit-2026-09-14/frontend/assets/environment-detail-sheet-Cit8c0Op.js     42.84 kB │ gzip: 12.64 kB
build/compliance/audit-2026-09-14/frontend/assets/shallow-CM9vVUIy.js                      53.23 kB │ gzip: 18.17 kB
build/compliance/audit-2026-09-14/frontend/assets/create-environment-dialog-CIel74fC.js    58.38 kB │ gzip: 20.82 kB
build/compliance/audit-2026-09-14/frontend/assets/overview-page-BMdrSsjG.js                72.60 kB │ gzip: 24.16 kB
build/compliance/audit-2026-09-14/frontend/assets/graph-runtime-COm2O_9S.js               125.16 kB │ gzip: 40.48 kB
build/compliance/audit-2026-09-14/frontend/assets/vnc-runtime-CxsXsMUX.js                 181.86 kB │ gzip: 54.82 kB
build/compliance/audit-2026-09-14/frontend/assets/react-runtime-BYIzWCJm.js               192.86 kB │ gzip: 60.52 kB
build/compliance/audit-2026-09-14/frontend/assets/bootstrap-BYjEY8UK.js                   246.84 kB │ gzip: 81.00 kB
build/compliance/audit-2026-09-14/frontend/assets/xterm-CvKzeud6.js                       293.53 kB │ gzip: 73.71 kB
✓ built in 11.15s
{"includedPackages":34,"missingNotices":[]}
