{
  "commit": "111564d721258ff589f028f8a1867e6ef5fb854f",
  "trackedFiles": 879,
  "applicationEntries": {
    "npm": 46,
    "vendored": 1,
    "cargo": 710
  },
  "npmProductionMissing": [],
  "npmMetadataMismatch": [],
  "npmDevelopmentLicenses": {
    "MIT": 280,
    "ISC": 15,
    "MIT-0": 1,
    "Apache-2.0": 23,
    "0BSD": 1,
    "Apache-2.0 OR MIT": 12,
    "BlueOak-1.0.0": 1,
    "Python-2.0": 1,
    "CC-BY-4.0": 1,
    "BSD-2-Clause": 8,
    "BSD-3-Clause": 3,
    "MPL-2.0": 12
  },
  "cargoRegistryEntries": 710,
  "cargoMissing": [],
  "cargoMismatch": [],
  "cargoArchivesHashed": 710,
  "cargoArchivesUnavailable": [],
  "novncArchivedFileCount": 66,
  "novncDifferencesFromArchivedSources": []
}
Nested notice candidates: 4
