{
  "sources": [
    {
      "sourceArchive": "bare-clones_spirv-tools.tar",
      "matchedLiteralCount": 1659,
      "matches": [
        {
          "file": "source/binary.cpp",
          "line": 365,
          "literal": "End of input reached while decoding Op",
          "binaryOffset": 10246288
        },
        {
          "file": "source/binary.cpp",
          "line": 257,
          "literal": "Module has incomplete header: only ",
          "binaryOffset": 10246448
        },
        {
          "file": "source/binary.cpp",
          "line": 274,
          "literal": "Internal error: unhandled header parse failure",
          "binaryOffset": 10246536
        },
        {
          "file": "source/binary.cpp",
          "line": 484,
          "literal": " does not reference an OpExtInstImport result Id",
          "binaryOffset": 10246872
        },
        {
          "file": "source/binary.cpp",
          "line": 511,
          "literal": "Invalid extended instruction number: ",
          "binaryOffset": 10246928
        },
        {
          "file": "source/binary.cpp",
          "line": 530,
          "literal": "OpSpecConstant opcode table out of sync",
          "binaryOffset": 10246984
        },
        {
          "file": "source/binary.cpp",
          "line": 629,
          "literal": "Invalid extended instruction import '",
          "binaryOffset": 10247176
        },
        {
          "file": "source/binary.cpp",
          "line": 712,
          "literal": ", if you are creating a new source language please use ",
          "binaryOffset": 10247232
        }
      ]
    },
    {
      "sourceArchive": "bare-clones_vulkan_memory_allocator.tar",
      "matchedLiteralCount": 5,
      "matches": [
        {
          "file": "include/vk_mem_alloc.h",
          "line": 14412,
          "literal": "vkGetDeviceBufferMemoryRequirements",
          "binaryOffset": 9603952
        },
        {
          "file": "include/vk_mem_alloc.h",
          "line": 993,
          "literal": "vkGetDeviceBufferMemoryRequirementsKHR",
          "binaryOffset": 9616712
        },
        {
          "file": "include/vk_mem_alloc.h",
          "line": 14344,
          "literal": "vkGetPhysicalDeviceMemoryProperties",
          "binaryOffset": 9599400
        },
        {
          "file": "include/vk_mem_alloc.h",
          "line": 14401,
          "literal": "vkGetPhysicalDeviceMemoryProperties2",
          "binaryOffset": 9602184
        },
        {
          "file": "include/vk_mem_alloc.h",
          "line": 14405,
          "literal": "vkGetPhysicalDeviceMemoryProperties2KHR",
          "binaryOffset": 9662888
        }
      ]
    },
    {
      "sourceArchive": "bare-clones_vulkan-loader.tar",
      "matchedLiteralCount": 1933,
      "matches": [
        {
          "file": "loader/extension_manual.c",
          "line": 95,
          "literal": "vkGetPhysicalDeviceExternalImageFormatPropertiesNV: Invalid physicalDevice ",
          "binaryOffset": 9597312
        },
        {
          "file": "loader/extension_manual.c",
          "line": 50,
          "literal": "[VUID-vkGetPhysicalDeviceExternalImageFormatPropertiesNV-physicalDevice-parameter]",
          "binaryOffset": 9597387
        },
        {
          "file": "loader/extension_manual.c",
          "line": 96,
          "literal": "[VUID-vkGetPhysicalDeviceSurfaceCapabilities2EXT-physicalDevice-parameter]",
          "binaryOffset": 9597547
        },
        {
          "file": "loader/extension_manual.c",
          "line": 120,
          "literal": "vkGetPhysicalDeviceSurfaceCapabilitiesKHR",
          "binaryOffset": 9597701
        },
        {
          "file": "loader/extension_manual.c",
          "line": 139,
          "literal": "vkGetPhysicalDeviceSurfaceCapabilities2EXT: Emulation found unrecognized structure type in ",
          "binaryOffset": 9597744
        },
        {
          "file": "loader/extension_manual.c",
          "line": 140,
          "literal": "pSurfaceCapabilities->pNext - this struct will be ignored",
          "binaryOffset": 9597835
        },
        {
          "file": "loader/extension_manual.c",
          "line": 154,
          "literal": "vkReleaseDisplayEXT: Invalid physicalDevice [VUID-vkReleaseDisplayEXT-physicalDevice-parameter]",
          "binaryOffset": 9597896
        },
        {
          "file": "loader/extension_manual.c",
          "line": 167,
          "literal": " associated with VkPhysicalDevice does not support vkReleaseDisplayEXT - Consequently, the call is ",
          "binaryOffset": 9598000
        }
      ]
    },
    {
      "sourceArchive": "angleproject.tar",
      "matchedLiteralCount": 418,
      "matches": [
        {
          "file": "src/libANGLE/renderer/vulkan/BufferVk.cpp",
          "line": 667,
          "literal": "GPU stall due to mapping device local buffer",
          "binaryOffset": 8836912
        },
        {
          "file": "src/libANGLE/renderer/vulkan/BufferVk.cpp",
          "line": 875,
          "literal": "GPU stall due to mapping buffer in use by the GPU",
          "binaryOffset": 8836984
        },
        {
          "file": "src/libANGLE/renderer/vulkan/BufferVk.cpp",
          "line": 1256,
          "literal": "Breaking the render pass on small upload to large buffer",
          "binaryOffset": 8837040
        },
        {
          "file": "src/libANGLE/renderer/vulkan/CLCommandQueueVk.h",
          "line": 26,
          "literal": "libANGLE/renderer/vulkan/vk_utils.h",
          "binaryOffset": 9032834
        },
        {
          "file": "src/libANGLE/renderer/vulkan/CLContextVk.cpp",
          "line": 18,
          "literal": "libANGLE/renderer/vulkan/vk_utils.h",
          "binaryOffset": 9032834
        },
        {
          "file": "src/libANGLE/renderer/vulkan/CLContextVk.h",
          "line": 17,
          "literal": "libANGLE/renderer/vulkan/vk_utils.h",
          "binaryOffset": 9032834
        },
        {
          "file": "src/libANGLE/renderer/vulkan/CLKernelVk.h",
          "line": 14,
          "literal": "libANGLE/renderer/vulkan/vk_utils.h",
          "binaryOffset": 9032834
        },
        {
          "file": "src/libANGLE/renderer/vulkan/CLMemoryVk.cpp",
          "line": 12,
          "literal": "libANGLE/renderer/vulkan/vk_utils.h",
          "binaryOffset": 9032834
        }
      ]
    }
  ]
}
