{
  "binaries": [
    {
      "binary": "src-tauri/resources/runtime/qemu/qemu-system-x86_64.exe",
      "definedFunctions": 0,
      "matches": [],
      "literalMatches": [
        {
          "file": "hw/virtio/iothread-vq-mapping.c",
          "header": "/*\n * IOThread Virtqueue Mapping\n *\n * Copyright Red Hat, Inc\n *\n * SPDX-License-Identifier: GPL-2.0-only\n */\n\n#include \"qemu/osdep.h\"\n#include \"system/iothread.h\"\n#include \"qemu/bitmap.h\"\n#include \"hw/virtio/iothread-vq-mapping.h\"\n\nstatic bool\niothread_vq_mapping_validate(IOThreadVirtQueueMappingList *list, uint16_t\n        num_queues, Error **errp)\n{\n    g_autofree unsigned long *vqs = bitmap_new(num_queues);\n    g_autoptr(GHashTable) iothreads =\n        g_hash_table_new(g_str_hash, g_str_equal);\n\n    for (IOThreadVirtQueueMappingList *node = list; node; node = node->next) {\n        const char *name = node->value->iothread;\n        uint16List *vq;\n\n        if (!iothread_by_id(name)) {\n            error_setg(errp, \"IOThread \\\"%s\\\" object does not exist\", name);\n            return false;\n        }\n\n        if (!g_hash_table_add(iothreads, (gpointer)name)) {\n            error_setg(errp,\n                    \"duplicate IOThread name \\\"%s\\\" in iothread-vq-mapping\",\n                    name);\n            return false;\n        }\n\n        if (node != list) {\n            if (!!node->value->vqs != !!list->value->vqs) {\n                error_setg(errp, \"either all items in iothread-vq-mapping \"\n                                 \"must have vqs or none of them must have it\");\n                return false;\n            }\n        }\n\n        for (vq = node->value->vqs; vq; vq = vq->next) {\n            if (vq->value >= num_queues) {\n                error_setg(errp, \"vq index %u for IOThread \\\"",
          "sourceSha256": "fe5d73704494c48c3b00f016b1fcb81f9fc559fd6379c5407d3ba99f1b624aac",
          "matchedLiterals": [
            {
              "text": "either all items in iothread-vq-mapping ",
              "line": 40
            },
            {
              "text": "must have vqs or none of them must have it",
              "line": 41
            },
            {
              "text": "less than num_queues %u in iothread-vq-mapping",
              "line": 49
            },
            {
              "text": "because it is already assigned",
              "line": 56
            },
            {
              "text": "missing vq %u IOThread assignment in iothread-vq-mapping",
              "line": 66
            }
          ]
        }
      ]
    },
    {
      "binary": "src-tauri/resources/runtime/qemu-secure/qemu-system-x86_64.exe",
      "definedFunctions": 0,
      "matches": [],
      "literalMatches": [
        {
          "file": "hw/virtio/iothread-vq-mapping.c",
          "header": "/*\n * IOThread Virtqueue Mapping\n *\n * Copyright Red Hat, Inc\n *\n * SPDX-License-Identifier: GPL-2.0-only\n */\n\n#include \"qemu/osdep.h\"\n#include \"system/iothread.h\"\n#include \"qemu/bitmap.h\"\n#include \"hw/virtio/iothread-vq-mapping.h\"\n\nstatic bool\niothread_vq_mapping_validate(IOThreadVirtQueueMappingList *list, uint16_t\n        num_queues, Error **errp)\n{\n    g_autofree unsigned long *vqs = bitmap_new(num_queues);\n    g_autoptr(GHashTable) iothreads =\n        g_hash_table_new(g_str_hash, g_str_equal);\n\n    for (IOThreadVirtQueueMappingList *node = list; node; node = node->next) {\n        const char *name = node->value->iothread;\n        uint16List *vq;\n\n        if (!iothread_by_id(name)) {\n            error_setg(errp, \"IOThread \\\"%s\\\" object does not exist\", name);\n            return false;\n        }\n\n        if (!g_hash_table_add(iothreads, (gpointer)name)) {\n            error_setg(errp,\n                    \"duplicate IOThread name \\\"%s\\\" in iothread-vq-mapping\",\n                    name);\n            return false;\n        }\n\n        if (node != list) {\n            if (!!node->value->vqs != !!list->value->vqs) {\n                error_setg(errp, \"either all items in iothread-vq-mapping \"\n                                 \"must have vqs or none of them must have it\");\n                return false;\n            }\n        }\n\n        for (vq = node->value->vqs; vq; vq = vq->next) {\n            if (vq->value >= num_queues) {\n                error_setg(errp, \"vq index %u for IOThread \\\"",
          "sourceSha256": "fe5d73704494c48c3b00f016b1fcb81f9fc559fd6379c5407d3ba99f1b624aac",
          "matchedLiterals": [
            {
              "text": "either all items in iothread-vq-mapping ",
              "line": 40
            },
            {
              "text": "must have vqs or none of them must have it",
              "line": 41
            },
            {
              "text": "less than num_queues %u in iothread-vq-mapping",
              "line": 49
            },
            {
              "text": "because it is already assigned",
              "line": 56
            },
            {
              "text": "missing vq %u IOThread assignment in iothread-vq-mapping",
              "line": 66
            }
          ]
        }
      ]
    }
  ]
}
