
> yougori@1.0.0 release:package
> npm run release:check && node scripts/compliance-check.mjs --package


> yougori@1.0.0 release:check
> npm run branding:check && node scripts/release-preflight.mjs


> yougori@1.0.0 branding:check
> node --test scripts/installer-branding.test.mjs

✔ installer artwork is built from the current Yougori logo and generator (1.2948ms)
✔ welcome artwork contains the rendered logo, not an empty image placeholder (4.6844ms)
✔ WiX native text areas stay white and unobstructed (3.9228ms)
✔ nsis-header.bmp has the native format, dimensions and verified artwork (0.4539ms)
✔ nsis-sidebar.bmp has the native format, dimensions and verified artwork (0.374ms)
✔ wix-banner.bmp has the native format, dimensions and verified artwork (0.2223ms)
✔ wix-dialog.bmp has the native format, dimensions and verified artwork (0.3868ms)
✔ dmg-background.png has the native format, dimensions and verified artwork (0.182ms)
✔ all desktop packages retain the logo, identity and license (0.5032ms)
✔ Windows setup and uninstall use branded art without custom install logic (0.2582ms)
✔ macOS install icons align with the background and stay inside the window (0.2218ms)
ℹ tests 11
ℹ suites 0
ℹ pass 11
ℹ fail 0
ℹ cancelled 0
ℹ skipped 0
ℹ todo 0
ℹ duration_ms 66.9073
Release payload verified: 270 files, 297.6 MB; win32 x64. See docs/release-readiness.md, docs/linux.md and docs/macos.md for required real-machine checks.
Compliance evidence verified: 237 source archives, 0 unresolved items. Local packaging checks passed; publication is checked separately.
